[backblue.gif]
[fade.gif]
[index.html]
[connect.facebook.net/en_US/sdk.js]
[maxcdn.bootstrapcdn.com/font-awesome/4.3.0/css/font-awesome.min1845.css]
[www.mantenyogya.com/wp-includes/js/jquery/jqueryb8ff.js]
[www.mantenyogya.com/wp-includes/js/jquery/jquery-migrate.min330a.js]
[www.mantenyogya.com/wp-content/plugins/click-to-chat-for-whatsapp/assets/js/appad05.js]
[www.mantenyogya.com/wp-content/uploads/2018/02/flower.jpg]
[w.sharethis.com/button/st_insightsc2fc.js]
[www.mantenyogya.com/wp-content/uploads/2018/02/cropped-weddingku-32x32.png]
[www.mantenyogya.com/wp-content/uploads/2018/02/cropped-weddingku-192x192.png]
[www.mantenyogya.com/wp-content/uploads/2018/02/cropped-weddingku-180x180.png]
[www.mantenyogya.com/wp-content/uploads/2018/02/banner_putih.jpg]
[www.mantenyogya.com/wp-content/plugins/simple-share-buttons-adder/buttons/somacro/print.png]
[www.mantenyogya.com/wp-content/plugins/simple-share-buttons-adder/buttons/somacro/facebook.png]
[www.mantenyogya.com/wp-content/plugins/simple-share-buttons-adder/buttons/somacro/google.png]
[www.mantenyogya.com/wp-content/plugins/simple-share-buttons-adder/buttons/somacro/twitter.png]
[www.mantenyogya.com/wp-content/plugins/simple-share-buttons-adder/buttons/somacro/email.png]
[www.mantenyogya.com/wp-content/plugins/simple-share-buttons-adder/buttons/somacro/pinterest.png]
[www.mantenyogya.com/wp-content/plugins/simple-share-buttons-adder/buttons/somacro/vk.png]
[www.mantenyogya.com/wp-content/plugins/simple-share-buttons-adder/buttons/somacro/tumblr.png]
[www.mantenyogya.com/wp-content/plugins/simple-share-buttons-adder/buttons/somacro/linkedin.png]
[www.mantenyogya.com/wp-content/plugins/facebook-pagelike-widget/loader.gif]
[www.mantenyogya.com/wp-content/uploads/2018/02/icon_list.jpg]
[www.mantenyogya.com/wp-content/uploads/2018/02/clock_icon.png]
[www.mantenyogya.com/wp-content/uploads/2018/02/telpon.jpg]
[www.mantenyogya.com/wp-content/uploads/2018/02/line.png]
[www.mantenyogya.com/wp-content/uploads/2018/02/instagram.jpg]
[www.mantenyogya.com/wp-content/uploads/2018/02/twitter.png]
[www.mantenyogya.com/wp-content/uploads/2018/03/logo-facebook.jpg]
[www.mantenyogya.com/wp-content/uploads/2018/02/bullet_icon.jpg]
[www.mantenyogya.com/wp-content/uploads/2018/02/icon_home.png]
[www.mantenyogya.com/wp-content/uploads/2018/02/panah_icon.jpg]
[www.mantenyogya.com/wp-content/plugins/click-to-chat-for-whatsapp/assets/img/whatsapp-logo-32x32.png]
[www.mantenyogya.com/wp-content/plugins/simple-share-buttons-adder/js/ssba1845.js]
[www.mantenyogya.com/wp-content/themes/excellent/js/excellent-main1845.js]
[www.mantenyogya.com/wp-content/themes/excellent/assets/sticky/jquery.sticky.min1845.js]
[www.mantenyogya.com/wp-content/themes/excellent/assets/sticky/sticky-settings1845.js]
[www.mantenyogya.com/wp-content/themes/excellent/js/jquery.flexslider1845.js]
[www.mantenyogya.com/wp-content/themes/excellent/js/flexslider-setting1845.js]
[www.mantenyogya.com/wp-content/themes/excellent/assets/wow/js/wow.min1845.js]
[www.mantenyogya.com/wp-content/themes/excellent/assets/wow/js/wow-settings1845.js]
[www.mantenyogya.com/wp-content/themes/excellent/js/navigation1845.js]
[www.mantenyogya.com/wp-includes/js/wp-embed.min1845.js]
[www.mantenyogya.com/wp-content/plugins/facebook-pagelike-widget/fb5152.js]
[www.mantenyogya.com/wp-includes/js/mediaelement/mediaelement-and-player.min45a0.js]
[www.mantenyogya.com/wp-includes/js/mediaelement/mediaelement-migrate.min1845.js]
[www.mantenyogya.com/wp-includes/js/mediaelement/wp-mediaelement.min1845.js]
[www.mantenyogya.com/wp-includes/js/mediaelement/renderers/vimeo.min45a0.js]
[www.mantenyogya.com/paketpernikahan/paket-pernikahan-melati/index.html]
[connect.facebook.net/en_US/sdk.js]
[www.mantenyogya.com/wp-content/plugins/click-to-chat-for-whatsapp/assets/css/mainstylesad05.css]
[www.mantenyogya.com/wp-content/plugins/click-to-chat-for-whatsapp/assets/css/required/mdstylesad05.css]
[maxcdn.bootstrapcdn.com/font-awesome/4.3.0/css/font-awesome.min1845.css]
[www.mantenyogya.com/wp-content/themes/excellent/assets/font-awesome/css/font-awesome.min1845.css]
[www.mantenyogya.com/wp-content/themes/excellent/assets/wow/css/animate.min1845.css]
[www.mantenyogya.com/wp-content/themes/excellent/css/responsive1845.css]
[www.mantenyogya.com/wp-content/plugins/simple-share-buttons-adder/css/ssba1845.css]
[www.mantenyogya.com/wp-includes/js/mediaelement/mediaelementplayer-legacy.min45a0.css]
[www.mantenyogya.com/wp-includes/js/mediaelement/wp-mediaelement.min1845.css]
[www.mantenyogya.com/paketpernikahan/paket-pernikahan-melati/ABCDEFGHIJKLMNOPQRSTUVWXYZabcdefghijklmnopqrstuvwxyz0123456789+/index.html]
[www.mantenyogya.com/paketpernikahan/paket-pernikahan-melati/^([^_/indexd41d.html]
[www.mantenyogya.com/wp-content/themes/excellent/style1845.css]
[www.mantenyogya.com/wp-includes/js/mediaelement/mejs-controls.svg]
